{
  "SearchTerms": [
    "foo bar baz"
  ],
  "Type": 0,
  "IsRegex": false,
  "Filters": {
    "Repo": "",
    "NegRepo": "",
    "File": "",
    "NegFile": "",
    "Lang": "",
    "NegLang": "",
    "Rev": "",
    "Count": 0,
    "Case": false,
    "Author": "",
    "NegAuthor": "",
    "Before": "",
    "After": "",
    "Message": "",
    "NegMessage": "",
    "Select": 0,
    "SelectKind": "",
    "Calls": "",
    "CalledBy": "",
    "Returns": "",
    "Depth": 0,
    "CommentKind": "",
    "State": "",
    "Confidence": ""
  }
}
